ARM Linker, 4.1 [Build 481] [Standard]

==============================================================================

Section Cross References

    device_init.o(.text) refers to gpio.o(.text) for GPIOInit
    device_init.o(.text) refers to system_lpc11xx.o(.text) for SystemInit
    main.o(.text) refers to cpu_a.o(.text) for CPU_IntEn
    main.o(.text) refers to gpio.o(.text) for GPIO_TOGGLE
    main.o(.text) refers to os_time.o(.text) for OSTimeDlyHMSM
    main.o(.text) refers to device_init.o(.text) for DeviceInit
    main.o(.text) refers to os_core.o(.text) for OSInit
    main.o(.text) refers to os_task.o(.text) for OSTaskCreate
    main.o(.text) refers to main.o(.bss) for .bss
    startup_lpc11xx.o(RESET) refers to startup_lpc11xx.o(STACK) for __initial_sp
    startup_lpc11xx.o(RESET) refers to startup_lpc11xx.o(.text) for Reset_Handler
    startup_lpc11xx.o(RESET) refers to systick.o(.text) for SysTick_Handler
    startup_lpc11xx.o(RESET) refers to gpio.o(.text) for PIOINT3_IRQHandler
    startup_lpc11xx.o(.text) refers to entry.o(.ARM.Collect$$$$00000000) for __main
    system_lpc11xx.o(.text) refers to system_lpc11xx.o(.data) for .data
    systick.o(.text) refers to os_core.o(.text) for OSIntEnter
    gpio.o(.text) refers to gpio.o(.data) for .data
    gpio.o(.text) refers to gpio.o(.constdata) for .constdata
    gpio.o(.text) refers to gpio.o(.constdata) for .constdata
    gpio.o(.text) refers to gpio.o(.constdata) for .constdata
    gpio.o(.text) refers to gpio.o(.constdata) for .constdata
    gpio.o(.text) refers to gpio.o(.constdata) for .constdata
    os_cpu_c.o(.text) refers to os_cpu_c.o(.bss) for .bss
    os_cpu_c.o(.text) refers to os_cpu_c.o(.data) for .data
    os_cpu_c.o(.text) refers to os_cpu_c.o(.bss) for .bss
    os_cpu_a.o(.text) refers to os_cpu_c.o(.text) for OSTaskSwHook
    os_cpu_a.o(.text) refers to os_core.o(.text) for OSIntExit
    os_cpu_a.o(.text) refers to os_core.o(.data) for OSIntNesting
    os_core.o(.text) refers to os_cpu_a.o(.text) for OS_CPU_SR_Save
    os_core.o(.text) refers to os_cpu_c.o(.text) for OSTaskIdleHook
    os_core.o(.text) refers to os_task.o(.text) for OSTaskCreate
    os_core.o(.text) refers to os_core.o(.data) for .data
    os_core.o(.text) refers to os_core.o(.bss) for .bss
    os_core.o(.text) refers to os_core.o(.constdata) for .constdata
    os_task.o(.text) refers to os_cpu_a.o(.text) for OS_CPU_SR_Save
    os_task.o(.text) refers to os_cpu_c.o(.text) for OSTaskStkInit
    os_task.o(.text) refers to os_core.o(.text) for OS_TCBInit
    os_task.o(.text) refers to os_core.o(.data) for OSIntNesting
    os_task.o(.text) refers to os_core.o(.bss) for OSTCBPrioTbl
    os_task.o(.text) refers to os_cpu_a.o(.text) for OS_CPU_SR_Save
    os_task.o(.text) refers to os_core.o(.text) for OS_Dummy
    os_task.o(.text) refers to os_cpu_c.o(.text) for OSTaskDelHook
    os_task.o(.text) refers to os_core.o(.text) for OS_Sched
    os_task.o(.text) refers to os_core.o(.data) for OSIntNesting
    os_task.o(.text) refers to os_core.o(.bss) for OSTCBPrioTbl
    os_task.o(.text) refers to os_cpu_a.o(.text) for OS_CPU_SR_Save
    os_task.o(.text) refers to os_core.o(.bss) for OSTCBPrioTbl
    os_task.o(.text) refers to os_core.o(.data) for OSTCBCur
    os_task.o(.text) refers to os_cpu_a.o(.text) for OS_CPU_SR_Save
    os_task.o(.text) refers to os_core.o(.text) for OS_StrCopy
    os_task.o(.text) refers to os_core.o(.data) for OSIntNesting
    os_task.o(.text) refers to os_core.o(.bss) for OSTCBPrioTbl
    os_task.o(.text) refers to os_cpu_a.o(.text) for OS_CPU_SR_Save
    os_task.o(.text) refers to os_core.o(.text) for OS_Sched
    os_task.o(.text) refers to os_core.o(.bss) for OSTCBPrioTbl
    os_task.o(.text) refers to os_core.o(.data) for OSRdyGrp
    os_task.o(.text) refers to os_cpu_a.o(.text) for OS_CPU_SR_Save
    os_task.o(.text) refers to os_core.o(.text) for OS_Sched
    os_task.o(.text) refers to os_core.o(.data) for OSTCBCur
    os_task.o(.text) refers to os_core.o(.bss) for OSTCBPrioTbl
    os_time.o(.text) refers to os_cpu_a.o(.text) for OS_CPU_SR_Save
    os_time.o(.text) refers to os_core.o(.text) for OS_Sched
    os_time.o(.text) refers to uidiv.o(.text) for __aeabi_uidivmod
    os_time.o(.text) refers to os_core.o(.data) for OSIntNesting
    os_time.o(.text) refers to os_cpu_a.o(.text) for OS_CPU_SR_Save
    os_time.o(.text) refers to os_core.o(.text) for OS_Sched
    os_time.o(.text) refers to os_core.o(.bss) for OSTCBPrioTbl
    os_time.o(.text) refers to os_core.o(.data) for OSRdyGrp
    entry.o(.ARM.Collect$$$$00000000) refers (Special) to entry7.o(.ARM.Collect$$$$00000007) for _main_init
    entry.o(.ARM.Collect$$$$00000000) refers (Special) to entry5.o(.ARM.Collect$$$$00000004) for _main_scatterload
    entry.o(.ARM.Collect$$$$00000000) refers (Special) to entry2.o(.ARM.Collect$$$$00000001) for _main_stk
    entry2.o(.ARM.Collect$$$$00000001) refers to entry2.o(.ARM.Collect$$$$00002712) for __lit__00000000
    entry2.o(.ARM.Collect$$$$00002712) refers to startup_lpc11xx.o(STACK) for __initial_sp
    entry2.o(__vectab_stack_and_reset_area) refers to startup_lpc11xx.o(STACK) for __initial_sp
    entry2.o(__vectab_stack_and_reset_area) refers to entry.o(.ARM.Collect$$$$00000000) for __main
    entry5.o(.ARM.Collect$$$$00000004) refers to init.o(.text) for __scatterload
    entry7.o(.ARM.Collect$$$$00000007) refers to main.o(.text) for main
    init.o(.text) refers to entry5.o(.ARM.Collect$$$$00000004) for __main_after_scatterload


==============================================================================

Removing Unused input sections from the image.

    Removing startup_lpc11xx.o(HEAP), (0 bytes).
    Removing gpio.o(.text), (104 bytes).
    Removing gpio.o(.text), (60 bytes).
    Removing gpio.o(.text), (60 bytes).
    Removing gpio.o(.text), (24 bytes).
    Removing gpio.o(.text), (16 bytes).
    Removing gpio.o(.text), (28 bytes).
    Removing gpio.o(.text), (16 bytes).
    Removing gpio.o(.data), (4 bytes).
    Removing gpio.o(.data), (4 bytes).
    Removing os_cpu_c.o(.text), (2 bytes).
    Removing os_cpu_c.o(.text), (2 bytes).
    Removing os_cpu_c.o(.text), (28 bytes).
    Removing os_core.o(.text), (6 bytes).
    Removing os_core.o(.text), (2 bytes).
    Removing os_core.o(.text), (24 bytes).
    Removing os_task.o(.text), (272 bytes).
    Removing os_task.o(.text), (96 bytes).
    Removing os_task.o(.text), (104 bytes).
    Removing os_task.o(.text), (132 bytes).
    Removing os_task.o(.text), (140 bytes).
    Removing os_time.o(.text), (148 bytes).

22 unused section(s) (total 1272 bytes) removed from the image.

==============================================================================

Image Symbol Table

    Local Symbols

    Symbol Name                              Value     Ov Type        Size  Object(Section)

    RESET                                    0x00000000   Section      192  startup_lpc11xx.o(RESET)
    ../../microlib/division.c                0x00000000   Number         0  uidiv.o ABSOLUTE
    ../../microlib/init/entry.s              0x00000000   Number         0  entry7.o ABSOLUTE
    ../../microlib/init/entry.s              0x00000000   Number         0  entry5.o ABSOLUTE
    ../../microlib/init/entry.s              0x00000000   Number         0  entry2.o ABSOLUTE
    ../../microlib/init/entry.s              0x00000000   Number         0  entry.o ABSOLUTE
    dc.s                                     0x00000000   Number         0  dc.o ABSOLUTE
    handlers.s                               0x00000000   Number         0  handlers.o ABSOLUTE
    init.s                                   0x00000000   Number         0  init.o ABSOLUTE
    src\UCOS2_PORT\cpu_a.asm                 0x00000000   Number         0  cpu_a.o ABSOLUTE
    src\UCOS2_PORT\os_cpu_a.asm              0x00000000   Number         0  os_cpu_a.o ABSOLUTE
    src\UCOS2_PORT\os_cpu_c.c                0x00000000   Number         0  os_cpu_c.o ABSOLUTE
    src\UCOS2_SOURCE\os_core.c               0x00000000   Number         0  os_core.o ABSOLUTE
    src\UCOS2_SOURCE\os_flag.c               0x00000000   Number         0  os_flag.o ABSOLUTE
    src\UCOS2_SOURCE\os_mbox.c               0x00000000   Number         0  os_mbox.o ABSOLUTE
    src\UCOS2_SOURCE\os_mem.c                0x00000000   Number         0  os_mem.o ABSOLUTE
    src\UCOS2_SOURCE\os_mutex.c              0x00000000   Number         0  os_mutex.o ABSOLUTE
    src\UCOS2_SOURCE\os_q.c                  0x00000000   Number         0  os_q.o ABSOLUTE
    src\UCOS2_SOURCE\os_sem.c                0x00000000   Number         0  os_sem.o ABSOLUTE
    src\UCOS2_SOURCE\os_task.c               0x00000000   Number         0  os_task.o ABSOLUTE
    src\UCOS2_SOURCE\os_time.c               0x00000000   Number         0  os_time.o ABSOLUTE
    src\UCOS2_SOURCE\os_tmr.c                0x00000000   Number         0  os_tmr.o ABSOLUTE
    src\lib\src\core_cm0.c                   0x00000000   Number         0  core_cm0.o ABSOLUTE
    src\lib\src\gpio.c                       0x00000000   Number         0  gpio.o ABSOLUTE
    src\lib\src\startup_LPC11xx.s            0x00000000   Number         0  startup_lpc11xx.o ABSOLUTE
    src\lib\src\system_LPC11xx.c             0x00000000   Number         0  system_lpc11xx.o ABSOLUTE
    src\user\device_init.c                   0x00000000   Number         0  device_init.o ABSOLUTE
    src\user\main.c                          0x00000000   Number         0  main.o ABSOLUTE
    src\user\systick.c                       0x00000000   Number         0  systick.o ABSOLUTE
    .ARM.Collect$$$$00000000                 0x000000c0   Section        0  entry.o(.ARM.Collect$$$$00000000)
    .ARM.Collect$$$$00000001                 0x000000c0   Section        4  entry2.o(.ARM.Collect$$$$00000001)
    .ARM.Collect$$$$00000004                 0x000000c4   Section        4  entry5.o(.ARM.Collect$$$$00000004)
    .ARM.Collect$$$$00000007                 0x000000c8   Section        8  entry7.o(.ARM.Collect$$$$00000007)
    .ARM.Collect$$$$00002712                 0x000000d0   Section        4  entry2.o(.ARM.Collect$$$$00002712)
    __lit__00000000                          0x000000d0   Data           4  entry2.o(.ARM.Collect$$$$00002712)
    .text                                    0x000000d4   Section        0  device_init.o(.text)
    SysTick_Config                           0x00000139   Thumb Code    48  device_init.o(.text)
    .text                                    0x0000017c   Section        0  main.o(.text)
    .text                                    0x000001c0   Section       28  startup_lpc11xx.o(.text)
    .text                                    0x000001dc   Section        0  system_lpc11xx.o(.text)
    .text                                    0x00000278   Section        0  systick.o(.text)
    .text                                    0x00000288   Section        8  cpu_a.o(.text)
    .text                                    0x00000290   Section        0  uidiv.o(.text)
    .text                                    0x000002bc   Section       36  init.o(.text)
    i.__scatterload_copy                     0x000002e0   Section       14  handlers.o(i.__scatterload_copy)
    i.__scatterload_null                     0x000002ee   Section        2  handlers.o(i.__scatterload_null)
    .ARM.__at_0x02FC                         0x000002fc   Section        4  startup_lpc11xx.o(.ARM.__at_0x02FC)
    .text                                    0x00000300   Section        0  gpio.o(.text)
    NVIC_EnableIRQ                           0x0000042b   Thumb Code    14  gpio.o(.text)
    .text                                    0x00000458   Section        0  os_cpu_c.o(.text)
    .text                                    0x00000508   Section      308  os_cpu_a.o(.text)
    .text                                    0x0000063c   Section        0  os_core.o(.text)
    OS_SchedNew                              0x000008dd   Thumb Code    24  os_core.o(.text)
    .text                                    0x00000914   Section        0  os_task.o(.text)
    .text                                    0x00000a04   Section        0  os_time.o(.text)
    i.__scatterload_zeroinit                 0x00000ab0   Section       14  handlers.o(i.__scatterload_zeroinit)
    .constdata                               0x00000ac0   Section       16  gpio.o(.constdata)
    LPC_GPIO                                 0x00000ac0   Data          16  gpio.o(.constdata)
    .constdata                               0x00000ad0   Section      256  os_core.o(.constdata)
    .data                                    0x10000000   Section       12  system_lpc11xx.o(.data)
    .data                                    0x1000000c   Section       24  gpio.o(.data)
    .data                                    0x10000024   Section        8  os_cpu_c.o(.data)
    .data                                    0x1000002c   Section       32  os_core.o(.data)
    .bss                                     0x1000004c   Section      256  main.o(.bss)
    .bss                                     0x1000014c   Section      512  os_cpu_c.o(.bss)
    .bss                                     0x1000034c   Section      440  os_core.o(.bss)
    STACK                                    0x10000508   Section      256  startup_lpc11xx.o(STACK)

    Global Symbols

    Symbol Name                              Value     Ov Type        Size  Object(Section)

    BuildAttributes$$THM_ISAv3M$S$PE$A:L22$X:L11$S22$IEEE1$IW$USESV6$~STKCKD$USESV7$~SHL$OSPACE$EBA8$MICROLIB$REQ8$PRES8$EABIv2 0x00000000   Number         0  anon$$obj.o ABSOLUTE
    __ARM_use_no_argv                        0x00000000   Number         0  main.o ABSOLUTE
    __Vectors                                0x00000000   Data           4  startup_lpc11xx.o(RESET)
    __decompress                              - Undefined Weak Reference
    __main                                   0x000000c1   Thumb Code     0  entry.o(.ARM.Collect$$$$00000000)
    _main_stk                                0x000000c1   Thumb Code     0  entry2.o(.ARM.Collect$$$$00000001)
    _main_scatterload                        0x000000c5   Thumb Code     0  entry5.o(.ARM.Collect$$$$00000004)
    __main_after_scatterload                 0x000000c9   Thumb Code     0  entry5.o(.ARM.Collect$$$$00000004)
    _main_init                               0x000000c9   Thumb Code     0  entry7.o(.ARM.Collect$$$$00000007)
    UserGpioInit                             0x000000d5   Thumb Code    82  device_init.o(.text)
    DeviceInit                               0x00000127   Thumb Code    18  device_init.o(.text)
    TaskLed                                  0x0000017d   Thumb Code    26  main.o(.text)
    main                                     0x00000197   Thumb Code    34  main.o(.text)
    Reset_Handler                            0x000001c1   Thumb Code     4  startup_lpc11xx.o(.text)
    NMI_Handler                              0x000001c5   Thumb Code     2  startup_lpc11xx.o(.text)
    HardFault_Handler                        0x000001c7   Thumb Code     2  startup_lpc11xx.o(.text)
    MemManage_Handler                        0x000001c9   Thumb Code     2  startup_lpc11xx.o(.text)
    BusFault_Handler                         0x000001cb   Thumb Code     2  startup_lpc11xx.o(.text)
    UsageFault_Handler                       0x000001cd   Thumb Code     2  startup_lpc11xx.o(.text)
    SVC_Handler                              0x000001cf   Thumb Code     2  startup_lpc11xx.o(.text)
    DebugMon_Handler                         0x000001d1   Thumb Code     2  startup_lpc11xx.o(.text)
    PendSV_Handler                           0x000001d3   Thumb Code     2  startup_lpc11xx.o(.text)
    ADC_IRQHandler                           0x000001d7   Thumb Code     0  startup_lpc11xx.o(.text)
    BOD_IRQHandler                           0x000001d7   Thumb Code     0  startup_lpc11xx.o(.text)
    CAN_IRQHandler                           0x000001d7   Thumb Code     0  startup_lpc11xx.o(.text)
    FMC_IRQHandler                           0x000001d7   Thumb Code     0  startup_lpc11xx.o(.text)
    I2C_IRQHandler                           0x000001d7   Thumb Code     0  startup_lpc11xx.o(.text)
    PIOINT0_IRQHandler                       0x000001d7   Thumb Code     0  startup_lpc11xx.o(.text)
    SSP0_IRQHandler                          0x000001d7   Thumb Code     0  startup_lpc11xx.o(.text)
    SSP1_IRQHandler                          0x000001d7   Thumb Code     0  startup_lpc11xx.o(.text)
    TIMER16_0_IRQHandler                     0x000001d7   Thumb Code     0  startup_lpc11xx.o(.text)
    TIMER16_1_IRQHandler                     0x000001d7   Thumb Code     0  startup_lpc11xx.o(.text)
    TIMER32_0_IRQHandler                     0x000001d7   Thumb Code     0  startup_lpc11xx.o(.text)
    TIMER32_1_IRQHandler                     0x000001d7   Thumb Code     0  startup_lpc11xx.o(.text)
    UART_IRQHandler                          0x000001d7   Thumb Code     0  startup_lpc11xx.o(.text)
    USB_FIQHandler                           0x000001d7   Thumb Code     0  startup_lpc11xx.o(.text)
    USB_IRQHandler                           0x000001d7   Thumb Code     0  startup_lpc11xx.o(.text)
    WAKEUP_IRQHandler                        0x000001d7   Thumb Code     0  startup_lpc11xx.o(.text)
    WDT_IRQHandler                           0x000001d7   Thumb Code     0  startup_lpc11xx.o(.text)
    Main_PLL_Setup                           0x000001dd   Thumb Code    88  system_lpc11xx.o(.text)
    SystemInit                               0x00000235   Thumb Code    52  system_lpc11xx.o(.text)
    SysTick_Handler                          0x00000279   Thumb Code    16  systick.o(.text)
    CPU_IntEn                                0x00000289   Thumb Code     0  cpu_a.o(.text)
    CPU_IntDis                               0x0000028d   Thumb Code     0  cpu_a.o(.text)
    __aeabi_uidiv                            0x00000291   Thumb Code     0  uidiv.o(.text)
    __aeabi_uidivmod                         0x00000291   Thumb Code    44  uidiv.o(.text)
    __scatterload                            0x000002bd   Thumb Code    28  init.o(.text)
    __scatterload_rt2                        0x000002bd   Thumb Code     0  init.o(.text)
    __scatterload_copy                       0x000002e1   Thumb Code    14  handlers.o(i.__scatterload_copy)
    __scatterload_null                       0x000002ef   Thumb Code     2  handlers.o(i.__scatterload_null)
    GPIOIntClear                             0x00000301   Thumb Code    42  gpio.o(.text)
    GPIOIntStatus                            0x0000032b   Thumb Code    50  gpio.o(.text)
    PIOINT1_IRQHandler                       0x0000035d   Thumb Code    38  gpio.o(.text)
    PIOINT2_IRQHandler                       0x00000383   Thumb Code    38  gpio.o(.text)
    PIOINT3_IRQHandler                       0x000003a9   Thumb Code    38  gpio.o(.text)
    GPIOInit                                 0x000003cf   Thumb Code    38  gpio.o(.text)
    GPIOSetDir                               0x000003f5   Thumb Code    34  gpio.o(.text)
    GPIO_TOGGLE                              0x00000417   Thumb Code    20  gpio.o(.text)
    OSInitHookBegin                          0x00000459   Thumb Code    22  os_cpu_c.o(.text)
    OSInitHookEnd                            0x0000046f   Thumb Code     2  os_cpu_c.o(.text)
    OSTaskCreateHook                         0x00000471   Thumb Code     2  os_cpu_c.o(.text)
    OSTaskIdleHook                           0x00000473   Thumb Code     2  os_cpu_c.o(.text)
    OSTaskStkInit                            0x00000475   Thumb Code    98  os_cpu_c.o(.text)
    OSTaskSwHook                             0x000004d7   Thumb Code     2  os_cpu_c.o(.text)
    OSTCBInitHook                            0x000004d9   Thumb Code     2  os_cpu_c.o(.text)
    OS_CPU_SR_Save                           0x00000509   Thumb Code     0  os_cpu_a.o(.text)
    OS_CPU_SR_Restore                        0x00000511   Thumb Code     0  os_cpu_a.o(.text)
    OSStartHighRdy                           0x00000517   Thumb Code     0  os_cpu_a.o(.text)
    OSCtxSw                                  0x0000054d   Thumb Code     0  os_cpu_a.o(.text)
    OSIntCtxSw                               0x000005b5   Thumb Code     0  os_cpu_a.o(.text)
    OS_TaskIdle                              0x0000063d   Thumb Code    22  os_core.o(.text)
    OS_MemClr                                0x00000653   Thumb Code    18  os_core.o(.text)
    OSInit                                   0x00000665   Thumb Code   136  os_core.o(.text)
    OSIntEnter                               0x000006ed   Thumb Code    20  os_core.o(.text)
    OSIntExit                                0x00000701   Thumb Code    78  os_core.o(.text)
    OSStart                                  0x0000074f   Thumb Code    36  os_core.o(.text)
    OSTimeTick                               0x00000773   Thumb Code    98  os_core.o(.text)
    OS_Sched                                 0x000007d5   Thumb Code    62  os_core.o(.text)
    OS_StrCopy                               0x00000813   Thumb Code    28  os_core.o(.text)
    OS_StrLen                                0x0000082f   Thumb Code    20  os_core.o(.text)
    OS_TCBInit                               0x00000843   Thumb Code   154  os_core.o(.text)
    OSTaskCreate                             0x00000915   Thumb Code   120  os_task.o(.text)
    OSTaskNameSet                            0x0000098d   Thumb Code   104  os_task.o(.text)
    OSTimeDly                                0x00000a05   Thumb Code    64  os_time.o(.text)
    OSTimeDlyHMSM                            0x00000a45   Thumb Code    92  os_time.o(.text)
    __scatterload_zeroinit                   0x00000ab1   Thumb Code    14  handlers.o(i.__scatterload_zeroinit)
    OSUnMapTbl                               0x00000ad0   Data         256  os_core.o(.constdata)
    Region$$Table$$Base                      0x00000bd0   Number         0  anon$$obj.o(Region$$Table)
    Region$$Table$$Limit                     0x00000bf0   Number         0  anon$$obj.o(Region$$Table)
    ClockSource                              0x10000000   Data           4  system_lpc11xx.o(.data)
    SystemFrequency                          0x10000004   Data           4  system_lpc11xx.o(.data)
    SystemAHBFrequency                       0x10000008   Data           4  system_lpc11xx.o(.data)
    gpio1_counter                            0x1000000c   Data           4  gpio.o(.data)
    gpio2_counter                            0x10000010   Data           4  gpio.o(.data)
    gpio3_counter                            0x10000014   Data           4  gpio.o(.data)
    p1_1_counter                             0x10000018   Data           4  gpio.o(.data)
    p2_1_counter                             0x1000001c   Data           4  gpio.o(.data)
    p3_1_counter                             0x10000020   Data           4  gpio.o(.data)
    OS_CPU_CtxSw                             0x10000024   Data           1  os_cpu_c.o(.data)
    OS_CPU_ExceptStkBase                     0x10000028   Data           4  os_cpu_c.o(.data)
    OSIntNesting                             0x1000002c   Data           1  os_core.o(.data)
    OSLockNesting                            0x1000002d   Data           1  os_core.o(.data)
    OSPrioCur                                0x1000002e   Data           1  os_core.o(.data)
    OSPrioHighRdy                            0x1000002f   Data           1  os_core.o(.data)
    OSRdyGrp                                 0x10000030   Data           1  os_core.o(.data)
    OSRdyTbl                                 0x10000031   Data           1  os_core.o(.data)
    OSRunning                                0x10000032   Data           1  os_core.o(.data)
    OSTaskCtr                                0x10000033   Data           1  os_core.o(.data)
    OSCtxSwCtr                               0x10000034   Data           4  os_core.o(.data)
    OSIdleCtr                                0x10000038   Data           4  os_core.o(.data)
    OSTCBCur                                 0x1000003c   Data           4  os_core.o(.data)
    OSTCBFreeList                            0x10000040   Data           4  os_core.o(.data)
    OSTCBHighRdy                             0x10000044   Data           4  os_core.o(.data)
    OSTCBList                                0x10000048   Data           4  os_core.o(.data)
    TaskStartStk1                            0x1000004c   Data         256  main.o(.bss)
    OS_CPU_ExceptStk                         0x1000014c   Data         512  os_cpu_c.o(.bss)
    OSTaskIdleStk                            0x1000034c   Data         256  os_core.o(.bss)
    OSTCBPrioTbl                             0x1000044c   Data          24  os_core.o(.bss)
    OSTCBTbl                                 0x10000464   Data         160  os_core.o(.bss)
    __initial_sp                             0x10000608   Data           0  startup_lpc11xx.o(STACK)



==============================================================================

Memory Map of the image

  Image Entry point : 0x000000c1

  Load Region LR_IROM1 (Base: 0x00000000, Size: 0x00000c3c, Max: 0x00008000, ABSOLUTE)

    Execution Region ER_IROM1 (Base: 0x00000000, Size: 0x00000bf0, Max: 0x00008000, ABSOLUTE)

    Base Addr    Size         Type   Attr      Idx    E Section Name        Object

    0x00000000   0x000000c0   Data   RO           71    RESET               startup_lpc11xx.o
    0x000000c0   0x00000000   Code   RO          377  * .ARM.Collect$$$$00000000  mc_p.l(entry.o)(mc_p.l)
    0x000000c0   0x00000004   Code   RO          382    .ARM.Collect$$$$00000001  mc_p.l(entry2.o)(mc_p.l)
    0x000000c4   0x00000004   Code   RO          385    .ARM.Collect$$$$00000004  mc_p.l(entry5.o)(mc_p.l)
    0x000000c8   0x00000008   Code   RO          386    .ARM.Collect$$$$00000007  mc_p.l(entry7.o)(mc_p.l)
    0x000000d0   0x00000004   Code   RO          383    .ARM.Collect$$$$00002712  mc_p.l(entry2.o)(mc_p.l)
    0x000000d4   0x000000a8   Code   RO            1    .text               device_init.o
    0x0000017c   0x00000044   Code   RO           40    .text               main.o
    0x000001c0   0x0000001c   Code   RO           73    .text               startup_lpc11xx.o
    0x000001dc   0x0000009c   Code   RO           80    .text               system_lpc11xx.o
    0x00000278   0x00000010   Code   RO          107    .text               systick.o
    0x00000288   0x00000008   Code   RO          230    .text               cpu_a.o
    0x00000290   0x0000002c   Code   RO          380    .text               mc_p.l(uidiv.o)(mc_p.l)
    0x000002bc   0x00000024   Code   RO          387    .text               mc_p.l(init.o)(mc_p.l)
    0x000002e0   0x0000000e   Code   RO          391    i.__scatterload_copy  mc_p.l(handlers.o)(mc_p.l)
    0x000002ee   0x00000002   Code   RO          392    i.__scatterload_null  mc_p.l(handlers.o)(mc_p.l)
    0x000002f0   0x0000000c   PAD
    0x000002fc   0x00000004   Code   RO           72    .ARM.__at_0x02FC    startup_lpc11xx.o
    0x00000300   0x00000158   Code   RO          119    .text               gpio.o
    0x00000458   0x000000b0   Code   RO          189    .text               os_cpu_c.o
    0x00000508   0x00000134   Code   RO          233    .text               os_cpu_a.o
    0x0000063c   0x000002d8   Code   RO          236    .text               os_core.o
    0x00000914   0x000000f0   Code   RO          311    .text               os_task.o
    0x00000a04   0x000000ac   Code   RO          353    .text               os_time.o
    0x00000ab0   0x0000000e   Code   RO          393    i.__scatterload_zeroinit  mc_p.l(handlers.o)(mc_p.l)
    0x00000abe   0x00000002   PAD
    0x00000ac0   0x00000010   Data   RO          127    .constdata          gpio.o
    0x00000ad0   0x00000100   Data   RO          241    .constdata          os_core.o
    0x00000bd0   0x00000020   Data   RO          389    Region$$Table       anon$$obj.o


    Execution Region RW_IRAM1 (Base: 0x10000000, Size: 0x00000608, Max: 0x00002000, ABSOLUTE)

    Base Addr    Size         Type   Attr      Idx    E Section Name        Object

    0x10000000   0x0000000c   Data   RW           81    .data               system_lpc11xx.o
    0x1000000c   0x00000018   Data   RW          129    .data               gpio.o
    0x10000024   0x00000008   Data   RW          194    .data               os_cpu_c.o
    0x1000002c   0x00000020   Data   RW          242    .data               os_core.o
    0x1000004c   0x00000100   Zero   RW           41    .bss                main.o
    0x1000014c   0x00000200   Zero   RW          193    .bss                os_cpu_c.o
    0x1000034c   0x000001b8   Zero   RW          240    .bss                os_core.o
    0x10000504   0x00000004   PAD
    0x10000508   0x00000100   Zero   RW           69    STACK               startup_lpc11xx.o


==============================================================================

Image component sizes


      Code (inc. data)   RO Data    RW Data    ZI Data      Debug   Object Name

         8          0          0          0          0          0   cpu_a.o
       168         20          0          0          0          0   device_init.o
       344         32         16         24          0          0   gpio.o
        68          8          0          0        256          0   main.o
       728         32        256         32        440          0   os_core.o
       308         32          0          0          0          0   os_cpu_a.o
       176         46          0          8        512          0   os_cpu_c.o
       240         16          0          0          0          0   os_task.o
       172         16          0          0          0          0   os_time.o
        32          8        192          0        256          0   startup_lpc11xx.o
       156         16          0         12          0          0   system_lpc11xx.o
        16          0          0          0          0          0   systick.o

    ----------------------------------------------------------------------
      2416        226        496         76       1468          0   Object Totals
         0          0         32          0          0          0   (incl. Generated)
         0          0          0          0          4          1   (incl. Padding)

    ----------------------------------------------------------------------

      Code (inc. data)   RO Data    RW Data    ZI Data      Debug   Library Member Name

         0          0          0          0          0          0   entry.o
         8          4          0          0          0          0   entry2.o
         4          0          0          0          0          0   entry5.o
         8          4          0          0          0          0   entry7.o
        30          0          0          0          0          0   handlers.o
        36          8          0          0          0          0   init.o
        44          0          0          0          0          0   uidiv.o

    ----------------------------------------------------------------------
       144         16          0          0          0          0   Library Totals
        14          0          0          0          0          0   (incl. Padding)

    ----------------------------------------------------------------------

      Code (inc. data)   RO Data    RW Data    ZI Data      Debug   Library Name

       130         16          0          0          0        140   mc_p.l

    ----------------------------------------------------------------------
       144         16          0          0          0          0   Library Totals

    ----------------------------------------------------------------------

==============================================================================


      Code (inc. data)   RO Data    RW Data    ZI Data      Debug   

      2560        242        496         76       1468      55156   Grand Totals
      2560        242        496         76       1468      55156   ELF Image Totals
      2560        242        496         76          0          0   ROM Totals

==============================================================================

    Total RO  Size (Code + RO Data)                 3056 (   2.98kB)
    Total RW  Size (RW Data + ZI Data)              1544 (   1.51kB)
    Total ROM Size (Code + RO Data + RW Data)       3132 (   3.06kB)

==============================================================================

