<!doctype html public "-//w3c//dtd html 4.0 transitional//en">
<html><head>
<title>Static Call Graph - [.\obj\LPC11xx_ucos_ii.axf]</title></head>
<body><HR>
<H1>Static Call Graph for image .\obj\LPC11xx_ucos_ii.axf</H1><HR>
<BR><P>#&#060CALLGRAPH&#062# ARM Linker, 4.1 [Build 481]: Last Updated: Mon Mar 14 17:14:15 2011
<BR><P>
<H3>Maximum Stack Usage =         96 bytes + Unknown(Functions without stacksize, Cycles, Untraceable Function Pointers)</H3><H3>
Call chain for Maximum Stack Depth:</H3>
main &rArr; OSInit &rArr; OSTaskCreate &rArr; OS_TCBInit
<P>
<H3>
Functions with no stack information
</H3><UL>
 <LI><a href="#[2c]">CPU_IntEn</a>
 <LI><a href="#[2f]">CPU_IntDis</a>
 <LI><a href="#[3a]">OS_CPU_SR_Save</a>
 <LI><a href="#[3b]">OS_CPU_SR_Restore</a>
 <LI><a href="#[43]">OSStartHighRdy</a>
 <LI><a href="#[45]">OSCtxSw</a>
 <LI><a href="#[42]">OSIntCtxSw</a>
</UL>
</UL>
<P>
<H3>
Mutually Recursive functions
</H3> <LI><a href="#[1]">NMI_Handler</a>&nbsp;&nbsp;&nbsp;&rArr;&nbsp;&nbsp;&nbsp;<a href="#[1]">NMI_Handler</a><BR>
 <LI><a href="#[2]">HardFault_Handler</a>&nbsp;&nbsp;&nbsp;&rArr;&nbsp;&nbsp;&nbsp;<a href="#[2]">HardFault_Handler</a><BR>
 <LI><a href="#[3]">MemManage_Handler</a>&nbsp;&nbsp;&nbsp;&rArr;&nbsp;&nbsp;&nbsp;<a href="#[3]">MemManage_Handler</a><BR>
 <LI><a href="#[4]">BusFault_Handler</a>&nbsp;&nbsp;&nbsp;&rArr;&nbsp;&nbsp;&nbsp;<a href="#[4]">BusFault_Handler</a><BR>
 <LI><a href="#[5]">UsageFault_Handler</a>&nbsp;&nbsp;&nbsp;&rArr;&nbsp;&nbsp;&nbsp;<a href="#[5]">UsageFault_Handler</a><BR>
 <LI><a href="#[6]">SVC_Handler</a>&nbsp;&nbsp;&nbsp;&rArr;&nbsp;&nbsp;&nbsp;<a href="#[6]">SVC_Handler</a><BR>
 <LI><a href="#[7]">DebugMon_Handler</a>&nbsp;&nbsp;&nbsp;&rArr;&nbsp;&nbsp;&nbsp;<a href="#[7]">DebugMon_Handler</a><BR>
 <LI><a href="#[8]">PendSV_Handler</a>&nbsp;&nbsp;&nbsp;&rArr;&nbsp;&nbsp;&nbsp;<a href="#[8]">PendSV_Handler</a><BR>
 <LI><a href="#[16]">ADC_IRQHandler</a>&nbsp;&nbsp;&nbsp;&rArr;&nbsp;&nbsp;&nbsp;<a href="#[16]">ADC_IRQHandler</a><BR>
</UL>
<P>
<H3>
Function Pointers
</H3><UL>
 <LI><a href="#[0]">Reset_Handler</a> from startup_lpc11xx.o(.text) referenced from startup_lpc11xx.o(RESET)
 <LI><a href="#[1]">NMI_Handler</a> from startup_lpc11xx.o(.text) referenced from startup_lpc11xx.o(RESET)
 <LI><a href="#[2]">HardFault_Handler</a> from startup_lpc11xx.o(.text) referenced from startup_lpc11xx.o(RESET)
 <LI><a href="#[3]">MemManage_Handler</a> from startup_lpc11xx.o(.text) referenced from startup_lpc11xx.o(RESET)
 <LI><a href="#[4]">BusFault_Handler</a> from startup_lpc11xx.o(.text) referenced from startup_lpc11xx.o(RESET)
 <LI><a href="#[5]">UsageFault_Handler</a> from startup_lpc11xx.o(.text) referenced from startup_lpc11xx.o(RESET)
 <LI><a href="#[6]">SVC_Handler</a> from startup_lpc11xx.o(.text) referenced from startup_lpc11xx.o(RESET)
 <LI><a href="#[7]">DebugMon_Handler</a> from startup_lpc11xx.o(.text) referenced from startup_lpc11xx.o(RESET)
 <LI><a href="#[8]">PendSV_Handler</a> from startup_lpc11xx.o(.text) referenced from startup_lpc11xx.o(RESET)
 <LI><a href="#[9]">SysTick_Handler</a> from systick.o(.text) referenced from startup_lpc11xx.o(RESET)
 <LI><a href="#[a]">WAKEUP_IRQHandler</a> from startup_lpc11xx.o(.text) referenced 13 times from startup_lpc11xx.o(RESET)
 <LI><a href="#[b]">CAN_IRQHandler</a> from startup_lpc11xx.o(.text) referenced from startup_lpc11xx.o(RESET)
 <LI><a href="#[c]">SSP1_IRQHandler</a> from startup_lpc11xx.o(.text) referenced from startup_lpc11xx.o(RESET)
 <LI><a href="#[d]">I2C_IRQHandler</a> from startup_lpc11xx.o(.text) referenced from startup_lpc11xx.o(RESET)
 <LI><a href="#[e]">TIMER16_0_IRQHandler</a> from startup_lpc11xx.o(.text) referenced from startup_lpc11xx.o(RESET)
 <LI><a href="#[f]">TIMER16_1_IRQHandler</a> from startup_lpc11xx.o(.text) referenced from startup_lpc11xx.o(RESET)
 <LI><a href="#[10]">TIMER32_0_IRQHandler</a> from startup_lpc11xx.o(.text) referenced from startup_lpc11xx.o(RESET)
 <LI><a href="#[11]">TIMER32_1_IRQHandler</a> from startup_lpc11xx.o(.text) referenced from startup_lpc11xx.o(RESET)
 <LI><a href="#[12]">SSP0_IRQHandler</a> from startup_lpc11xx.o(.text) referenced from startup_lpc11xx.o(RESET)
 <LI><a href="#[13]">UART_IRQHandler</a> from startup_lpc11xx.o(.text) referenced from startup_lpc11xx.o(RESET)
 <LI><a href="#[14]">USB_IRQHandler</a> from startup_lpc11xx.o(.text) referenced from startup_lpc11xx.o(RESET)
 <LI><a href="#[15]">USB_FIQHandler</a> from startup_lpc11xx.o(.text) referenced from startup_lpc11xx.o(RESET)
 <LI><a href="#[16]">ADC_IRQHandler</a> from startup_lpc11xx.o(.text) referenced from startup_lpc11xx.o(RESET)
 <LI><a href="#[17]">WDT_IRQHandler</a> from startup_lpc11xx.o(.text) referenced from startup_lpc11xx.o(RESET)
 <LI><a href="#[18]">BOD_IRQHandler</a> from startup_lpc11xx.o(.text) referenced from startup_lpc11xx.o(RESET)
 <LI><a href="#[19]">FMC_IRQHandler</a> from startup_lpc11xx.o(.text) referenced from startup_lpc11xx.o(RESET)
 <LI><a href="#[1a]">PIOINT3_IRQHandler</a> from gpio.o(.text) referenced from startup_lpc11xx.o(RESET)
 <LI><a href="#[1b]">PIOINT2_IRQHandler</a> from gpio.o(.text) referenced from startup_lpc11xx.o(RESET)
 <LI><a href="#[1c]">PIOINT1_IRQHandler</a> from gpio.o(.text) referenced from startup_lpc11xx.o(RESET)
 <LI><a href="#[1d]">PIOINT0_IRQHandler</a> from startup_lpc11xx.o(.text) referenced from startup_lpc11xx.o(RESET)
 <LI><a href="#[1e]">main</a> from main.o(.text) referenced from entry7.o(.ARM.Collect$$$$00000007)
 <LI><a href="#[1f]">TaskLed</a> from main.o(.text) referenced from main.o(.text)
 <LI><a href="#[20]">__main</a> from entry.o(.ARM.Collect$$$$00000000) referenced from startup_lpc11xx.o(.text)
 <LI><a href="#[21]">OSTaskSwHook</a> from os_cpu_c.o(.text) referenced from os_cpu_a.o(.text)
 <LI><a href="#[22]">OSIntExit</a> from os_core.o(.text) referenced from os_cpu_a.o(.text)
 <LI><a href="#[23]">OS_TaskIdle</a> from os_core.o(.text) referenced from os_core.o(.text)
</UL>
<P>
<H3>
Global Symbols
</H3>
<P><STRONG><a name="[20]"></a>__main</STRONG> (Thumb, 0 bytes, Stack size unknown bytes, entry.o(.ARM.Collect$$$$00000000))
<BR>[Address Reference Count : 1]<UL><LI> startup_lpc11xx.o(.text)
</UL>
<P><STRONG><a name="[54]"></a>_main_stk</STRONG> (Thumb, 0 bytes, Stack size unknown bytes, entry2.o(.ARM.Collect$$$$00000001))

<P><STRONG><a name="[24]"></a>_main_scatterload</STRONG> (Thumb, 0 bytes, Stack size unknown bytes, entry5.o(.ARM.Collect$$$$00000004))
<BR><BR>[Calls]<UL><LI><a href="#[25]">&gt;&gt;</a>&nbsp;&nbsp;&nbsp;__scatterload
</UL>

<P><STRONG><a name="[36]"></a>__main_after_scatterload</STRONG> (Thumb, 0 bytes, Stack size unknown bytes, entry5.o(.ARM.Collect$$$$00000004))
<BR><BR>[Called By]<UL><LI><a href="#[25]">&gt;&gt;</a>&nbsp;&nbsp;&nbsp;__scatterload
</UL>

<P><STRONG><a name="[55]"></a>_main_init</STRONG> (Thumb, 0 bytes, Stack size unknown bytes, entry7.o(.ARM.Collect$$$$00000007))

<P><STRONG><a name="[26]"></a>UserGpioInit</STRONG> (Thumb, 82 bytes, Stack size 8 bytes, device_init.o(.text))
<BR><BR>[Stack]<UL><LI>Max Depth = 20<LI>Call Chain = UserGpioInit &rArr; GPIOSetDir
</UL>
<BR>[Calls]<UL><LI><a href="#[28]">&gt;&gt;</a>&nbsp;&nbsp;&nbsp;GPIOSetDir
<LI><a href="#[27]">&gt;&gt;</a>&nbsp;&nbsp;&nbsp;GPIOInit
</UL>
<BR>[Called By]<UL><LI><a href="#[29]">&gt;&gt;</a>&nbsp;&nbsp;&nbsp;DeviceInit
</UL>

<P><STRONG><a name="[29]"></a>DeviceInit</STRONG> (Thumb, 18 bytes, Stack size 8 bytes, device_init.o(.text))
<BR><BR>[Stack]<UL><LI>Max Depth = 32<LI>Call Chain = DeviceInit &rArr; SystemInit &rArr; Main_PLL_Setup
</UL>
<BR>[Calls]<UL><LI><a href="#[2a]">&gt;&gt;</a>&nbsp;&nbsp;&nbsp;SystemInit
<LI><a href="#[26]">&gt;&gt;</a>&nbsp;&nbsp;&nbsp;UserGpioInit
<LI><a href="#[2b]">&gt;&gt;</a>&nbsp;&nbsp;&nbsp;SysTick_Config
</UL>
<BR>[Called By]<UL><LI><a href="#[1e]">&gt;&gt;</a>&nbsp;&nbsp;&nbsp;main
</UL>

<P><STRONG><a name="[1f]"></a>TaskLed</STRONG> (Thumb, 26 bytes, Stack size 0 bytes, main.o(.text))
<BR><BR>[Stack]<UL><LI>Max Depth = 56 + Unknown Stack Size
<LI>Call Chain = TaskLed &rArr; OSTimeDlyHMSM &rArr; OSTimeDly &rArr; OS_Sched &rArr; OS_SchedNew
</UL>
<BR>[Calls]<UL><LI><a href="#[2e]">&gt;&gt;</a>&nbsp;&nbsp;&nbsp;OSTimeDlyHMSM
<LI><a href="#[2d]">&gt;&gt;</a>&nbsp;&nbsp;&nbsp;GPIO_TOGGLE
<LI><a href="#[2c]">&gt;&gt;</a>&nbsp;&nbsp;&nbsp;CPU_IntEn
</UL>
<BR>[Address Reference Count : 1]<UL><LI> main.o(.text)
</UL>
<P><STRONG><a name="[1e]"></a>main</STRONG> (Thumb, 34 bytes, Stack size 8 bytes, main.o(.text))
<BR><BR>[Stack]<UL><LI>Max Depth = 96 + Unknown Stack Size
<LI>Call Chain = main &rArr; OSInit &rArr; OSTaskCreate &rArr; OS_TCBInit
</UL>
<BR>[Calls]<UL><LI><a href="#[31]">&gt;&gt;</a>&nbsp;&nbsp;&nbsp;OSTaskCreate
<LI><a href="#[32]">&gt;&gt;</a>&nbsp;&nbsp;&nbsp;OSStart
<LI><a href="#[30]">&gt;&gt;</a>&nbsp;&nbsp;&nbsp;OSInit
<LI><a href="#[2f]">&gt;&gt;</a>&nbsp;&nbsp;&nbsp;CPU_IntDis
<LI><a href="#[29]">&gt;&gt;</a>&nbsp;&nbsp;&nbsp;DeviceInit
</UL>
<BR>[Address Reference Count : 1]<UL><LI> entry7.o(.ARM.Collect$$$$00000007)
</UL>
<P><STRONG><a name="[0]"></a>Reset_Handler</STRONG> (Thumb, 4 bytes, Stack size 0 bytes, startup_lpc11xx.o(.text))
<BR>[Address Reference Count : 1]<UL><LI> startup_lpc11xx.o(RESET)
</UL>
<P><STRONG><a name="[1]"></a>NMI_Handler</STRONG> (Thumb, 2 bytes, Stack size 0 bytes, startup_lpc11xx.o(.text))
<BR><BR>[Calls]<UL><LI><a href="#[1]">&gt;&gt;</a>&nbsp;&nbsp;&nbsp;NMI_Handler
</UL>
<BR>[Called By]<UL><LI><a href="#[1]">&gt;&gt;</a>&nbsp;&nbsp;&nbsp;NMI_Handler
</UL>
<BR>[Address Reference Count : 1]<UL><LI> startup_lpc11xx.o(RESET)
</UL>
<P><STRONG><a name="[2]"></a>HardFault_Handler</STRONG> (Thumb, 2 bytes, Stack size 0 bytes, startup_lpc11xx.o(.text))
<BR><BR>[Calls]<UL><LI><a href="#[2]">&gt;&gt;</a>&nbsp;&nbsp;&nbsp;HardFault_Handler
</UL>
<BR>[Called By]<UL><LI><a href="#[2]">&gt;&gt;</a>&nbsp;&nbsp;&nbsp;HardFault_Handler
</UL>
<BR>[Address Reference Count : 1]<UL><LI> startup_lpc11xx.o(RESET)
</UL>
<P><STRONG><a name="[3]"></a>MemManage_Handler</STRONG> (Thumb, 2 bytes, Stack size 0 bytes, startup_lpc11xx.o(.text))
<BR><BR>[Calls]<UL><LI><a href="#[3]">&gt;&gt;</a>&nbsp;&nbsp;&nbsp;MemManage_Handler
</UL>
<BR>[Called By]<UL><LI><a href="#[3]">&gt;&gt;</a>&nbsp;&nbsp;&nbsp;MemManage_Handler
</UL>
<BR>[Address Reference Count : 1]<UL><LI> startup_lpc11xx.o(RESET)
</UL>
<P><STRONG><a name="[4]"></a>BusFault_Handler</STRONG> (Thumb, 2 bytes, Stack size 0 bytes, startup_lpc11xx.o(.text))
<BR><BR>[Calls]<UL><LI><a href="#[4]">&gt;&gt;</a>&nbsp;&nbsp;&nbsp;BusFault_Handler
</UL>
<BR>[Called By]<UL><LI><a href="#[4]">&gt;&gt;</a>&nbsp;&nbsp;&nbsp;BusFault_Handler
</UL>
<BR>[Address Reference Count : 1]<UL><LI> startup_lpc11xx.o(RESET)
</UL>
<P><STRONG><a name="[5]"></a>UsageFault_Handler</STRONG> (Thumb, 2 bytes, Stack size 0 bytes, startup_lpc11xx.o(.text))
<BR><BR>[Calls]<UL><LI><a href="#[5]">&gt;&gt;</a>&nbsp;&nbsp;&nbsp;UsageFault_Handler
</UL>
<BR>[Called By]<UL><LI><a href="#[5]">&gt;&gt;</a>&nbsp;&nbsp;&nbsp;UsageFault_Handler
</UL>
<BR>[Address Reference Count : 1]<UL><LI> startup_lpc11xx.o(RESET)
</UL>
<P><STRONG><a name="[6]"></a>SVC_Handler</STRONG> (Thumb, 2 bytes, Stack size 0 bytes, startup_lpc11xx.o(.text))
<BR><BR>[Calls]<UL><LI><a href="#[6]">&gt;&gt;</a>&nbsp;&nbsp;&nbsp;SVC_Handler
</UL>
<BR>[Called By]<UL><LI><a href="#[6]">&gt;&gt;</a>&nbsp;&nbsp;&nbsp;SVC_Handler
</UL>
<BR>[Address Reference Count : 1]<UL><LI> startup_lpc11xx.o(RESET)
</UL>
<P><STRONG><a name="[7]"></a>DebugMon_Handler</STRONG> (Thumb, 2 bytes, Stack size 0 bytes, startup_lpc11xx.o(.text))
<BR><BR>[Calls]<UL><LI><a href="#[7]">&gt;&gt;</a>&nbsp;&nbsp;&nbsp;DebugMon_Handler
</UL>
<BR>[Called By]<UL><LI><a href="#[7]">&gt;&gt;</a>&nbsp;&nbsp;&nbsp;DebugMon_Handler
</UL>
<BR>[Address Reference Count : 1]<UL><LI> startup_lpc11xx.o(RESET)
</UL>
<P><STRONG><a name="[8]"></a>PendSV_Handler</STRONG> (Thumb, 2 bytes, Stack size 0 bytes, startup_lpc11xx.o(.text))
<BR><BR>[Calls]<UL><LI><a href="#[8]">&gt;&gt;</a>&nbsp;&nbsp;&nbsp;PendSV_Handler
</UL>
<BR>[Called By]<UL><LI><a href="#[8]">&gt;&gt;</a>&nbsp;&nbsp;&nbsp;PendSV_Handler
</UL>
<BR>[Address Reference Count : 1]<UL><LI> startup_lpc11xx.o(RESET)
</UL>
<P><STRONG><a name="[16]"></a>ADC_IRQHandler</STRONG> (Thumb, 0 bytes, Stack size 0 bytes, startup_lpc11xx.o(.text))
<BR><BR>[Calls]<UL><LI><a href="#[16]">&gt;&gt;</a>&nbsp;&nbsp;&nbsp;ADC_IRQHandler
</UL>
<BR>[Called By]<UL><LI><a href="#[16]">&gt;&gt;</a>&nbsp;&nbsp;&nbsp;ADC_IRQHandler
</UL>
<BR>[Address Reference Count : 1]<UL><LI> startup_lpc11xx.o(RESET)
</UL>
<P><STRONG><a name="[18]"></a>BOD_IRQHandler</STRONG> (Thumb, 0 bytes, Stack size 0 bytes, startup_lpc11xx.o(.text))
<BR>[Address Reference Count : 1]<UL><LI> startup_lpc11xx.o(RESET)
</UL>
<P><STRONG><a name="[b]"></a>CAN_IRQHandler</STRONG> (Thumb, 0 bytes, Stack size 0 bytes, startup_lpc11xx.o(.text))
<BR>[Address Reference Count : 1]<UL><LI> startup_lpc11xx.o(RESET)
</UL>
<P><STRONG><a name="[19]"></a>FMC_IRQHandler</STRONG> (Thumb, 0 bytes, Stack size 0 bytes, startup_lpc11xx.o(.text))
<BR>[Address Reference Count : 1]<UL><LI> startup_lpc11xx.o(RESET)
</UL>
<P><STRONG><a name="[d]"></a>I2C_IRQHandler</STRONG> (Thumb, 0 bytes, Stack size 0 bytes, startup_lpc11xx.o(.text))
<BR>[Address Reference Count : 1]<UL><LI> startup_lpc11xx.o(RESET)
</UL>
<P><STRONG><a name="[1d]"></a>PIOINT0_IRQHandler</STRONG> (Thumb, 0 bytes, Stack size 0 bytes, startup_lpc11xx.o(.text))
<BR>[Address Reference Count : 1]<UL><LI> startup_lpc11xx.o(RESET)
</UL>
<P><STRONG><a name="[12]"></a>SSP0_IRQHandler</STRONG> (Thumb, 0 bytes, Stack size 0 bytes, startup_lpc11xx.o(.text))
<BR>[Address Reference Count : 1]<UL><LI> startup_lpc11xx.o(RESET)
</UL>
<P><STRONG><a name="[c]"></a>SSP1_IRQHandler</STRONG> (Thumb, 0 bytes, Stack size 0 bytes, startup_lpc11xx.o(.text))
<BR>[Address Reference Count : 1]<UL><LI> startup_lpc11xx.o(RESET)
</UL>
<P><STRONG><a name="[e]"></a>TIMER16_0_IRQHandler</STRONG> (Thumb, 0 bytes, Stack size 0 bytes, startup_lpc11xx.o(.text))
<BR>[Address Reference Count : 1]<UL><LI> startup_lpc11xx.o(RESET)
</UL>
<P><STRONG><a name="[f]"></a>TIMER16_1_IRQHandler</STRONG> (Thumb, 0 bytes, Stack size 0 bytes, startup_lpc11xx.o(.text))
<BR>[Address Reference Count : 1]<UL><LI> startup_lpc11xx.o(RESET)
</UL>
<P><STRONG><a name="[10]"></a>TIMER32_0_IRQHandler</STRONG> (Thumb, 0 bytes, Stack size 0 bytes, startup_lpc11xx.o(.text))
<BR>[Address Reference Count : 1]<UL><LI> startup_lpc11xx.o(RESET)
</UL>
<P><STRONG><a name="[11]"></a>TIMER32_1_IRQHandler</STRONG> (Thumb, 0 bytes, Stack size 0 bytes, startup_lpc11xx.o(.text))
<BR>[Address Reference Count : 1]<UL><LI> startup_lpc11xx.o(RESET)
</UL>
<P><STRONG><a name="[13]"></a>UART_IRQHandler</STRONG> (Thumb, 0 bytes, Stack size 0 bytes, startup_lpc11xx.o(.text))
<BR>[Address Reference Count : 1]<UL><LI> startup_lpc11xx.o(RESET)
</UL>
<P><STRONG><a name="[15]"></a>USB_FIQHandler</STRONG> (Thumb, 0 bytes, Stack size 0 bytes, startup_lpc11xx.o(.text))
<BR>[Address Reference Count : 1]<UL><LI> startup_lpc11xx.o(RESET)
</UL>
<P><STRONG><a name="[14]"></a>USB_IRQHandler</STRONG> (Thumb, 0 bytes, Stack size 0 bytes, startup_lpc11xx.o(.text))
<BR>[Address Reference Count : 1]<UL><LI> startup_lpc11xx.o(RESET)
</UL>
<P><STRONG><a name="[a]"></a>WAKEUP_IRQHandler</STRONG> (Thumb, 0 bytes, Stack size 0 bytes, startup_lpc11xx.o(.text))
<BR>[Address Reference Count : 1]<UL><LI> startup_lpc11xx.o(RESET)
</UL>
<P><STRONG><a name="[17]"></a>WDT_IRQHandler</STRONG> (Thumb, 0 bytes, Stack size 0 bytes, startup_lpc11xx.o(.text))
<BR>[Address Reference Count : 1]<UL><LI> startup_lpc11xx.o(RESET)
</UL>
<P><STRONG><a name="[33]"></a>Main_PLL_Setup</STRONG> (Thumb, 88 bytes, Stack size 20 bytes, system_lpc11xx.o(.text))
<BR><BR>[Stack]<UL><LI>Max Depth = 20<LI>Call Chain = Main_PLL_Setup
</UL>
<BR>[Called By]<UL><LI><a href="#[2a]">&gt;&gt;</a>&nbsp;&nbsp;&nbsp;SystemInit
</UL>

<P><STRONG><a name="[2a]"></a>SystemInit</STRONG> (Thumb, 52 bytes, Stack size 4 bytes, system_lpc11xx.o(.text))
<BR><BR>[Stack]<UL><LI>Max Depth = 24<LI>Call Chain = SystemInit &rArr; Main_PLL_Setup
</UL>
<BR>[Calls]<UL><LI><a href="#[33]">&gt;&gt;</a>&nbsp;&nbsp;&nbsp;Main_PLL_Setup
</UL>
<BR>[Called By]<UL><LI><a href="#[29]">&gt;&gt;</a>&nbsp;&nbsp;&nbsp;DeviceInit
</UL>

<P><STRONG><a name="[9]"></a>SysTick_Handler</STRONG> (Thumb, 16 bytes, Stack size 8 bytes, systick.o(.text))
<BR><BR>[Stack]<UL><LI>Max Depth = 32 + Unknown Stack Size
<LI>Call Chain = SysTick_Handler &rArr; OSIntExit &rArr; OS_SchedNew
</UL>
<BR>[Calls]<UL><LI><a href="#[35]">&gt;&gt;</a>&nbsp;&nbsp;&nbsp;OSTimeTick
<LI><a href="#[22]">&gt;&gt;</a>&nbsp;&nbsp;&nbsp;OSIntExit
<LI><a href="#[34]">&gt;&gt;</a>&nbsp;&nbsp;&nbsp;OSIntEnter
</UL>
<BR>[Address Reference Count : 1]<UL><LI> startup_lpc11xx.o(RESET)
</UL>
<P><STRONG><a name="[2c]"></a>CPU_IntEn</STRONG> (Thumb, 0 bytes, Stack size unknown bytes, cpu_a.o(.text))
<BR><BR>[Called By]<UL><LI><a href="#[1f]">&gt;&gt;</a>&nbsp;&nbsp;&nbsp;TaskLed
</UL>

<P><STRONG><a name="[2f]"></a>CPU_IntDis</STRONG> (Thumb, 0 bytes, Stack size unknown bytes, cpu_a.o(.text))
<BR><BR>[Called By]<UL><LI><a href="#[1e]">&gt;&gt;</a>&nbsp;&nbsp;&nbsp;main
</UL>

<P><STRONG><a name="[56]"></a>__aeabi_uidiv</STRONG> (Thumb, 0 bytes, Stack size 12 bytes, uidiv.o(.text), UNUSED)

<P><STRONG><a name="[4d]"></a>__aeabi_uidivmod</STRONG> (Thumb, 44 bytes, Stack size 12 bytes, uidiv.o(.text))
<BR><BR>[Stack]<UL><LI>Max Depth = 12<LI>Call Chain = __aeabi_uidivmod
</UL>
<BR>[Called By]<UL><LI><a href="#[2e]">&gt;&gt;</a>&nbsp;&nbsp;&nbsp;OSTimeDlyHMSM
</UL>

<P><STRONG><a name="[25]"></a>__scatterload</STRONG> (Thumb, 28 bytes, Stack size 0 bytes, init.o(.text))
<BR><BR>[Calls]<UL><LI><a href="#[36]">&gt;&gt;</a>&nbsp;&nbsp;&nbsp;__main_after_scatterload
</UL>
<BR>[Called By]<UL><LI><a href="#[24]">&gt;&gt;</a>&nbsp;&nbsp;&nbsp;_main_scatterload
</UL>

<P><STRONG><a name="[57]"></a>__scatterload_rt2</STRONG> (Thumb, 0 bytes, Stack size 0 bytes, init.o(.text), UNUSED)

<P><STRONG><a name="[58]"></a>__scatterload_copy</STRONG> (Thumb, 14 bytes, Stack size unknown bytes, handlers.o(i.__scatterload_copy), UNUSED)

<P><STRONG><a name="[59]"></a>__scatterload_null</STRONG> (Thumb, 2 bytes, Stack size unknown bytes, handlers.o(i.__scatterload_null), UNUSED)

<P><STRONG><a name="[38]"></a>GPIOIntClear</STRONG> (Thumb, 42 bytes, Stack size 0 bytes, gpio.o(.text))
<BR><BR>[Called By]<UL><LI><a href="#[1a]">&gt;&gt;</a>&nbsp;&nbsp;&nbsp;PIOINT3_IRQHandler
<LI><a href="#[1b]">&gt;&gt;</a>&nbsp;&nbsp;&nbsp;PIOINT2_IRQHandler
<LI><a href="#[1c]">&gt;&gt;</a>&nbsp;&nbsp;&nbsp;PIOINT1_IRQHandler
</UL>

<P><STRONG><a name="[37]"></a>GPIOIntStatus</STRONG> (Thumb, 50 bytes, Stack size 0 bytes, gpio.o(.text))
<BR><BR>[Called By]<UL><LI><a href="#[1a]">&gt;&gt;</a>&nbsp;&nbsp;&nbsp;PIOINT3_IRQHandler
<LI><a href="#[1b]">&gt;&gt;</a>&nbsp;&nbsp;&nbsp;PIOINT2_IRQHandler
<LI><a href="#[1c]">&gt;&gt;</a>&nbsp;&nbsp;&nbsp;PIOINT1_IRQHandler
</UL>

<P><STRONG><a name="[1c]"></a>PIOINT1_IRQHandler</STRONG> (Thumb, 38 bytes, Stack size 8 bytes, gpio.o(.text))
<BR><BR>[Stack]<UL><LI>Max Depth = 8<LI>Call Chain = PIOINT1_IRQHandler
</UL>
<BR>[Calls]<UL><LI><a href="#[37]">&gt;&gt;</a>&nbsp;&nbsp;&nbsp;GPIOIntStatus
<LI><a href="#[38]">&gt;&gt;</a>&nbsp;&nbsp;&nbsp;GPIOIntClear
</UL>
<BR>[Address Reference Count : 1]<UL><LI> startup_lpc11xx.o(RESET)
</UL>
<P><STRONG><a name="[1b]"></a>PIOINT2_IRQHandler</STRONG> (Thumb, 38 bytes, Stack size 8 bytes, gpio.o(.text))
<BR><BR>[Stack]<UL><LI>Max Depth = 8<LI>Call Chain = PIOINT2_IRQHandler
</UL>
<BR>[Calls]<UL><LI><a href="#[37]">&gt;&gt;</a>&nbsp;&nbsp;&nbsp;GPIOIntStatus
<LI><a href="#[38]">&gt;&gt;</a>&nbsp;&nbsp;&nbsp;GPIOIntClear
</UL>
<BR>[Address Reference Count : 1]<UL><LI> startup_lpc11xx.o(RESET)
</UL>
<P><STRONG><a name="[1a]"></a>PIOINT3_IRQHandler</STRONG> (Thumb, 38 bytes, Stack size 8 bytes, gpio.o(.text))
<BR><BR>[Stack]<UL><LI>Max Depth = 8<LI>Call Chain = PIOINT3_IRQHandler
</UL>
<BR>[Calls]<UL><LI><a href="#[37]">&gt;&gt;</a>&nbsp;&nbsp;&nbsp;GPIOIntStatus
<LI><a href="#[38]">&gt;&gt;</a>&nbsp;&nbsp;&nbsp;GPIOIntClear
</UL>
<BR>[Address Reference Count : 1]<UL><LI> startup_lpc11xx.o(RESET)
</UL>
<P><STRONG><a name="[27]"></a>GPIOInit</STRONG> (Thumb, 38 bytes, Stack size 8 bytes, gpio.o(.text))
<BR><BR>[Stack]<UL><LI>Max Depth = 8<LI>Call Chain = GPIOInit
</UL>
<BR>[Calls]<UL><LI><a href="#[39]">&gt;&gt;</a>&nbsp;&nbsp;&nbsp;NVIC_EnableIRQ
</UL>
<BR>[Called By]<UL><LI><a href="#[26]">&gt;&gt;</a>&nbsp;&nbsp;&nbsp;UserGpioInit
</UL>

<P><STRONG><a name="[28]"></a>GPIOSetDir</STRONG> (Thumb, 34 bytes, Stack size 12 bytes, gpio.o(.text))
<BR><BR>[Stack]<UL><LI>Max Depth = 12<LI>Call Chain = GPIOSetDir
</UL>
<BR>[Called By]<UL><LI><a href="#[26]">&gt;&gt;</a>&nbsp;&nbsp;&nbsp;UserGpioInit
</UL>

<P><STRONG><a name="[2d]"></a>GPIO_TOGGLE</STRONG> (Thumb, 20 bytes, Stack size 0 bytes, gpio.o(.text))
<BR><BR>[Called By]<UL><LI><a href="#[1f]">&gt;&gt;</a>&nbsp;&nbsp;&nbsp;TaskLed
</UL>

<P><STRONG><a name="[3d]"></a>OSInitHookBegin</STRONG> (Thumb, 22 bytes, Stack size 0 bytes, os_cpu_c.o(.text))
<BR><BR>[Called By]<UL><LI><a href="#[30]">&gt;&gt;</a>&nbsp;&nbsp;&nbsp;OSInit
</UL>

<P><STRONG><a name="[40]"></a>OSInitHookEnd</STRONG> (Thumb, 2 bytes, Stack size 0 bytes, os_cpu_c.o(.text))
<BR><BR>[Called By]<UL><LI><a href="#[30]">&gt;&gt;</a>&nbsp;&nbsp;&nbsp;OSInit
</UL>

<P><STRONG><a name="[48]"></a>OSTaskCreateHook</STRONG> (Thumb, 2 bytes, Stack size 0 bytes, os_cpu_c.o(.text))
<BR><BR>[Called By]<UL><LI><a href="#[46]">&gt;&gt;</a>&nbsp;&nbsp;&nbsp;OS_TCBInit
</UL>

<P><STRONG><a name="[3c]"></a>OSTaskIdleHook</STRONG> (Thumb, 2 bytes, Stack size 0 bytes, os_cpu_c.o(.text))
<BR><BR>[Called By]<UL><LI><a href="#[23]">&gt;&gt;</a>&nbsp;&nbsp;&nbsp;OS_TaskIdle
</UL>

<P><STRONG><a name="[49]"></a>OSTaskStkInit</STRONG> (Thumb, 98 bytes, Stack size 8 bytes, os_cpu_c.o(.text))
<BR><BR>[Stack]<UL><LI>Max Depth = 8<LI>Call Chain = OSTaskStkInit
</UL>
<BR>[Called By]<UL><LI><a href="#[31]">&gt;&gt;</a>&nbsp;&nbsp;&nbsp;OSTaskCreate
</UL>

<P><STRONG><a name="[21]"></a>OSTaskSwHook</STRONG> (Thumb, 2 bytes, Stack size 0 bytes, os_cpu_c.o(.text))
<BR>[Address Reference Count : 1]<UL><LI> os_cpu_a.o(.text)
</UL>
<P><STRONG><a name="[47]"></a>OSTCBInitHook</STRONG> (Thumb, 2 bytes, Stack size 0 bytes, os_cpu_c.o(.text))
<BR><BR>[Called By]<UL><LI><a href="#[46]">&gt;&gt;</a>&nbsp;&nbsp;&nbsp;OS_TCBInit
</UL>

<P><STRONG><a name="[3a]"></a>OS_CPU_SR_Save</STRONG> (Thumb, 0 bytes, Stack size unknown bytes, os_cpu_a.o(.text))
<BR><BR>[Called By]<UL><LI><a href="#[4c]">&gt;&gt;</a>&nbsp;&nbsp;&nbsp;OSTimeDly
<LI><a href="#[3f]">&gt;&gt;</a>&nbsp;&nbsp;&nbsp;OSTaskNameSet
<LI><a href="#[46]">&gt;&gt;</a>&nbsp;&nbsp;&nbsp;OS_TCBInit
<LI><a href="#[44]">&gt;&gt;</a>&nbsp;&nbsp;&nbsp;OS_Sched
<LI><a href="#[23]">&gt;&gt;</a>&nbsp;&nbsp;&nbsp;OS_TaskIdle
<LI><a href="#[35]">&gt;&gt;</a>&nbsp;&nbsp;&nbsp;OSTimeTick
<LI><a href="#[22]">&gt;&gt;</a>&nbsp;&nbsp;&nbsp;OSIntExit
<LI><a href="#[31]">&gt;&gt;</a>&nbsp;&nbsp;&nbsp;OSTaskCreate
</UL>

<P><STRONG><a name="[3b]"></a>OS_CPU_SR_Restore</STRONG> (Thumb, 0 bytes, Stack size unknown bytes, os_cpu_a.o(.text))
<BR><BR>[Called By]<UL><LI><a href="#[4c]">&gt;&gt;</a>&nbsp;&nbsp;&nbsp;OSTimeDly
<LI><a href="#[3f]">&gt;&gt;</a>&nbsp;&nbsp;&nbsp;OSTaskNameSet
<LI><a href="#[46]">&gt;&gt;</a>&nbsp;&nbsp;&nbsp;OS_TCBInit
<LI><a href="#[44]">&gt;&gt;</a>&nbsp;&nbsp;&nbsp;OS_Sched
<LI><a href="#[23]">&gt;&gt;</a>&nbsp;&nbsp;&nbsp;OS_TaskIdle
<LI><a href="#[35]">&gt;&gt;</a>&nbsp;&nbsp;&nbsp;OSTimeTick
<LI><a href="#[22]">&gt;&gt;</a>&nbsp;&nbsp;&nbsp;OSIntExit
<LI><a href="#[31]">&gt;&gt;</a>&nbsp;&nbsp;&nbsp;OSTaskCreate
</UL>

<P><STRONG><a name="[43]"></a>OSStartHighRdy</STRONG> (Thumb, 0 bytes, Stack size unknown bytes, os_cpu_a.o(.text))
<BR><BR>[Called By]<UL><LI><a href="#[32]">&gt;&gt;</a>&nbsp;&nbsp;&nbsp;OSStart
</UL>

<P><STRONG><a name="[45]"></a>OSCtxSw</STRONG> (Thumb, 0 bytes, Stack size unknown bytes, os_cpu_a.o(.text))
<BR><BR>[Called By]<UL><LI><a href="#[44]">&gt;&gt;</a>&nbsp;&nbsp;&nbsp;OS_Sched
</UL>

<P><STRONG><a name="[42]"></a>OSIntCtxSw</STRONG> (Thumb, 0 bytes, Stack size unknown bytes, os_cpu_a.o(.text))
<BR><BR>[Called By]<UL><LI><a href="#[22]">&gt;&gt;</a>&nbsp;&nbsp;&nbsp;OSIntExit
</UL>

<P><STRONG><a name="[23]"></a>OS_TaskIdle</STRONG> (Thumb, 22 bytes, Stack size 0 bytes, os_core.o(.text))
<BR><BR>[Calls]<UL><LI><a href="#[3b]">&gt;&gt;</a>&nbsp;&nbsp;&nbsp;OS_CPU_SR_Restore
<LI><a href="#[3a]">&gt;&gt;</a>&nbsp;&nbsp;&nbsp;OS_CPU_SR_Save
<LI><a href="#[3c]">&gt;&gt;</a>&nbsp;&nbsp;&nbsp;OSTaskIdleHook
</UL>
<BR>[Address Reference Count : 1]<UL><LI> os_core.o(.text)
</UL>
<P><STRONG><a name="[3e]"></a>OS_MemClr</STRONG> (Thumb, 18 bytes, Stack size 0 bytes, os_core.o(.text))
<BR><BR>[Called By]<UL><LI><a href="#[30]">&gt;&gt;</a>&nbsp;&nbsp;&nbsp;OSInit
</UL>

<P><STRONG><a name="[30]"></a>OSInit</STRONG> (Thumb, 136 bytes, Stack size 16 bytes, os_core.o(.text))
<BR><BR>[Stack]<UL><LI>Max Depth = 88 + Unknown Stack Size
<LI>Call Chain = OSInit &rArr; OSTaskCreate &rArr; OS_TCBInit
</UL>
<BR>[Calls]<UL><LI><a href="#[3f]">&gt;&gt;</a>&nbsp;&nbsp;&nbsp;OSTaskNameSet
<LI><a href="#[3e]">&gt;&gt;</a>&nbsp;&nbsp;&nbsp;OS_MemClr
<LI><a href="#[40]">&gt;&gt;</a>&nbsp;&nbsp;&nbsp;OSInitHookEnd
<LI><a href="#[3d]">&gt;&gt;</a>&nbsp;&nbsp;&nbsp;OSInitHookBegin
<LI><a href="#[31]">&gt;&gt;</a>&nbsp;&nbsp;&nbsp;OSTaskCreate
</UL>
<BR>[Called By]<UL><LI><a href="#[1e]">&gt;&gt;</a>&nbsp;&nbsp;&nbsp;main
</UL>

<P><STRONG><a name="[34]"></a>OSIntEnter</STRONG> (Thumb, 20 bytes, Stack size 0 bytes, os_core.o(.text))
<BR><BR>[Called By]<UL><LI><a href="#[9]">&gt;&gt;</a>&nbsp;&nbsp;&nbsp;SysTick_Handler
</UL>

<P><STRONG><a name="[22]"></a>OSIntExit</STRONG> (Thumb, 78 bytes, Stack size 16 bytes, os_core.o(.text))
<BR><BR>[Stack]<UL><LI>Max Depth = 24 + Unknown Stack Size
<LI>Call Chain = OSIntExit &rArr; OS_SchedNew
</UL>
<BR>[Calls]<UL><LI><a href="#[41]">&gt;&gt;</a>&nbsp;&nbsp;&nbsp;OS_SchedNew
<LI><a href="#[42]">&gt;&gt;</a>&nbsp;&nbsp;&nbsp;OSIntCtxSw
<LI><a href="#[3b]">&gt;&gt;</a>&nbsp;&nbsp;&nbsp;OS_CPU_SR_Restore
<LI><a href="#[3a]">&gt;&gt;</a>&nbsp;&nbsp;&nbsp;OS_CPU_SR_Save
</UL>
<BR>[Called By]<UL><LI><a href="#[9]">&gt;&gt;</a>&nbsp;&nbsp;&nbsp;SysTick_Handler
</UL>
<BR>[Address Reference Count : 1]<UL><LI> os_cpu_a.o(.text)
</UL>
<P><STRONG><a name="[32]"></a>OSStart</STRONG> (Thumb, 36 bytes, Stack size 8 bytes, os_core.o(.text))
<BR><BR>[Stack]<UL><LI>Max Depth = 16 + Unknown Stack Size
<LI>Call Chain = OSStart &rArr; OS_SchedNew
</UL>
<BR>[Calls]<UL><LI><a href="#[41]">&gt;&gt;</a>&nbsp;&nbsp;&nbsp;OS_SchedNew
<LI><a href="#[43]">&gt;&gt;</a>&nbsp;&nbsp;&nbsp;OSStartHighRdy
</UL>
<BR>[Called By]<UL><LI><a href="#[1e]">&gt;&gt;</a>&nbsp;&nbsp;&nbsp;main
</UL>

<P><STRONG><a name="[35]"></a>OSTimeTick</STRONG> (Thumb, 98 bytes, Stack size 16 bytes, os_core.o(.text))
<BR><BR>[Stack]<UL><LI>Max Depth = 16 + Unknown Stack Size
<LI>Call Chain = OSTimeTick
</UL>
<BR>[Calls]<UL><LI><a href="#[3b]">&gt;&gt;</a>&nbsp;&nbsp;&nbsp;OS_CPU_SR_Restore
<LI><a href="#[3a]">&gt;&gt;</a>&nbsp;&nbsp;&nbsp;OS_CPU_SR_Save
</UL>
<BR>[Called By]<UL><LI><a href="#[9]">&gt;&gt;</a>&nbsp;&nbsp;&nbsp;SysTick_Handler
</UL>

<P><STRONG><a name="[44]"></a>OS_Sched</STRONG> (Thumb, 62 bytes, Stack size 16 bytes, os_core.o(.text))
<BR><BR>[Stack]<UL><LI>Max Depth = 24 + Unknown Stack Size
<LI>Call Chain = OS_Sched &rArr; OS_SchedNew
</UL>
<BR>[Calls]<UL><LI><a href="#[41]">&gt;&gt;</a>&nbsp;&nbsp;&nbsp;OS_SchedNew
<LI><a href="#[45]">&gt;&gt;</a>&nbsp;&nbsp;&nbsp;OSCtxSw
<LI><a href="#[3b]">&gt;&gt;</a>&nbsp;&nbsp;&nbsp;OS_CPU_SR_Restore
<LI><a href="#[3a]">&gt;&gt;</a>&nbsp;&nbsp;&nbsp;OS_CPU_SR_Save
</UL>
<BR>[Called By]<UL><LI><a href="#[4c]">&gt;&gt;</a>&nbsp;&nbsp;&nbsp;OSTimeDly
<LI><a href="#[31]">&gt;&gt;</a>&nbsp;&nbsp;&nbsp;OSTaskCreate
</UL>

<P><STRONG><a name="[4b]"></a>OS_StrCopy</STRONG> (Thumb, 28 bytes, Stack size 0 bytes, os_core.o(.text))
<BR><BR>[Called By]<UL><LI><a href="#[3f]">&gt;&gt;</a>&nbsp;&nbsp;&nbsp;OSTaskNameSet
</UL>

<P><STRONG><a name="[4a]"></a>OS_StrLen</STRONG> (Thumb, 20 bytes, Stack size 0 bytes, os_core.o(.text))
<BR><BR>[Called By]<UL><LI><a href="#[3f]">&gt;&gt;</a>&nbsp;&nbsp;&nbsp;OSTaskNameSet
</UL>

<P><STRONG><a name="[46]"></a>OS_TCBInit</STRONG> (Thumb, 154 bytes, Stack size 24 bytes, os_core.o(.text))
<BR><BR>[Stack]<UL><LI>Max Depth = 24 + Unknown Stack Size
<LI>Call Chain = OS_TCBInit
</UL>
<BR>[Calls]<UL><LI><a href="#[3b]">&gt;&gt;</a>&nbsp;&nbsp;&nbsp;OS_CPU_SR_Restore
<LI><a href="#[3a]">&gt;&gt;</a>&nbsp;&nbsp;&nbsp;OS_CPU_SR_Save
<LI><a href="#[47]">&gt;&gt;</a>&nbsp;&nbsp;&nbsp;OSTCBInitHook
<LI><a href="#[48]">&gt;&gt;</a>&nbsp;&nbsp;&nbsp;OSTaskCreateHook
</UL>
<BR>[Called By]<UL><LI><a href="#[31]">&gt;&gt;</a>&nbsp;&nbsp;&nbsp;OSTaskCreate
</UL>

<P><STRONG><a name="[31]"></a>OSTaskCreate</STRONG> (Thumb, 120 bytes, Stack size 48 bytes, os_task.o(.text))
<BR><BR>[Stack]<UL><LI>Max Depth = 72 + Unknown Stack Size
<LI>Call Chain = OSTaskCreate &rArr; OS_TCBInit
</UL>
<BR>[Calls]<UL><LI><a href="#[46]">&gt;&gt;</a>&nbsp;&nbsp;&nbsp;OS_TCBInit
<LI><a href="#[44]">&gt;&gt;</a>&nbsp;&nbsp;&nbsp;OS_Sched
<LI><a href="#[3b]">&gt;&gt;</a>&nbsp;&nbsp;&nbsp;OS_CPU_SR_Restore
<LI><a href="#[3a]">&gt;&gt;</a>&nbsp;&nbsp;&nbsp;OS_CPU_SR_Save
<LI><a href="#[49]">&gt;&gt;</a>&nbsp;&nbsp;&nbsp;OSTaskStkInit
</UL>
<BR>[Called By]<UL><LI><a href="#[30]">&gt;&gt;</a>&nbsp;&nbsp;&nbsp;OSInit
<LI><a href="#[1e]">&gt;&gt;</a>&nbsp;&nbsp;&nbsp;main
</UL>

<P><STRONG><a name="[3f]"></a>OSTaskNameSet</STRONG> (Thumb, 104 bytes, Stack size 32 bytes, os_task.o(.text))
<BR><BR>[Stack]<UL><LI>Max Depth = 32 + Unknown Stack Size
<LI>Call Chain = OSTaskNameSet
</UL>
<BR>[Calls]<UL><LI><a href="#[4a]">&gt;&gt;</a>&nbsp;&nbsp;&nbsp;OS_StrLen
<LI><a href="#[4b]">&gt;&gt;</a>&nbsp;&nbsp;&nbsp;OS_StrCopy
<LI><a href="#[3b]">&gt;&gt;</a>&nbsp;&nbsp;&nbsp;OS_CPU_SR_Restore
<LI><a href="#[3a]">&gt;&gt;</a>&nbsp;&nbsp;&nbsp;OS_CPU_SR_Save
</UL>
<BR>[Called By]<UL><LI><a href="#[30]">&gt;&gt;</a>&nbsp;&nbsp;&nbsp;OSInit
</UL>

<P><STRONG><a name="[4c]"></a>OSTimeDly</STRONG> (Thumb, 64 bytes, Stack size 16 bytes, os_time.o(.text))
<BR><BR>[Stack]<UL><LI>Max Depth = 40 + Unknown Stack Size
<LI>Call Chain = OSTimeDly &rArr; OS_Sched &rArr; OS_SchedNew
</UL>
<BR>[Calls]<UL><LI><a href="#[44]">&gt;&gt;</a>&nbsp;&nbsp;&nbsp;OS_Sched
<LI><a href="#[3b]">&gt;&gt;</a>&nbsp;&nbsp;&nbsp;OS_CPU_SR_Restore
<LI><a href="#[3a]">&gt;&gt;</a>&nbsp;&nbsp;&nbsp;OS_CPU_SR_Save
</UL>
<BR>[Called By]<UL><LI><a href="#[2e]">&gt;&gt;</a>&nbsp;&nbsp;&nbsp;OSTimeDlyHMSM
</UL>

<P><STRONG><a name="[2e]"></a>OSTimeDlyHMSM</STRONG> (Thumb, 92 bytes, Stack size 16 bytes, os_time.o(.text))
<BR><BR>[Stack]<UL><LI>Max Depth = 56 + Unknown Stack Size
<LI>Call Chain = OSTimeDlyHMSM &rArr; OSTimeDly &rArr; OS_Sched &rArr; OS_SchedNew
</UL>
<BR>[Calls]<UL><LI><a href="#[4d]">&gt;&gt;</a>&nbsp;&nbsp;&nbsp;__aeabi_uidivmod
<LI><a href="#[4c]">&gt;&gt;</a>&nbsp;&nbsp;&nbsp;OSTimeDly
</UL>
<BR>[Called By]<UL><LI><a href="#[1f]">&gt;&gt;</a>&nbsp;&nbsp;&nbsp;TaskLed
</UL>

<P><STRONG><a name="[5a]"></a>__scatterload_zeroinit</STRONG> (Thumb, 14 bytes, Stack size unknown bytes, handlers.o(i.__scatterload_zeroinit), UNUSED)
<P>
<H3>
Local Symbols
</H3>
<P><STRONG><a name="[2b]"></a>SysTick_Config</STRONG> (Thumb, 48 bytes, Stack size 8 bytes, device_init.o(.text))
<BR><BR>[Stack]<UL><LI>Max Depth = 8<LI>Call Chain = SysTick_Config
</UL>
<BR>[Called By]<UL><LI><a href="#[29]">&gt;&gt;</a>&nbsp;&nbsp;&nbsp;DeviceInit
</UL>

<P><STRONG><a name="[39]"></a>NVIC_EnableIRQ</STRONG> (Thumb, 14 bytes, Stack size 0 bytes, gpio.o(.text))
<BR><BR>[Called By]<UL><LI><a href="#[27]">&gt;&gt;</a>&nbsp;&nbsp;&nbsp;GPIOInit
</UL>

<P><STRONG><a name="[41]"></a>OS_SchedNew</STRONG> (Thumb, 24 bytes, Stack size 8 bytes, os_core.o(.text))
<BR><BR>[Stack]<UL><LI>Max Depth = 8<LI>Call Chain = OS_SchedNew
</UL>
<BR>[Called By]<UL><LI><a href="#[44]">&gt;&gt;</a>&nbsp;&nbsp;&nbsp;OS_Sched
<LI><a href="#[22]">&gt;&gt;</a>&nbsp;&nbsp;&nbsp;OSIntExit
<LI><a href="#[32]">&gt;&gt;</a>&nbsp;&nbsp;&nbsp;OSStart
</UL>
<P>
<H3>
Undefined Global Symbols
</H3><HR></body></html>
