<html>
<body>
<pre>
<h1>礦ision Build Log</h1>
<h2>Project:</h2>
E:\DA14580\资料\资料\源代码\DA14580_SDK_3.0.4.0\host_apps\da14580\proximity\reporter\host_proxr.uvproj
Project File Date:  07/18/2014

<h2>Output:</h2>
Build target 'Cortex-M0 SDK - Simulator'
assembling startup_CMSDK_CM0.s...
compiling system_CMSDK.c...
compiling app_task.c...
compiling ble_msg.c...
compiling interrupts.c...
compiling peripherals.c...
compiling timer.c...
compiling queue.c...
src\queue.c(44): warning: C3017W: tmp may be used before being set
compiling app_button_led.c...
compiling spi_booter.c...
compiling app.c...
compiling spi.c...
compiling gpio.c...
compiling spi_hci_msg.c...
linking...
Program Size: Code=5568 RO-data=12620 RW-data=28 ZI-data=1908  
FromELF: creating hex file...
".\Out\host_proxr.axf" - 0 Error(s), 1 Warning(s).
