<html>
<body>
<pre>
<h1>µVision Build Log</h1>
<h2>Project:</h2>
F:\ARM\Cortex-M0\Test_Cortex_M0\cortex-M0-ucos\LPC11xx_ucos_ii.uvproj
Project File Date:  03/14/2011

<h2>Output:</h2>
Build target 'lpc11xx_ucos_ii'
compiling device_init.c...
src\user\device_init.c(2): error:  #5: cannot open source input file "gpio.h": No such file or directory
compiling main.c...
src\user\main.c(11): error:  #5: cannot open source input file "gpio.h": No such file or directory
compiling systick.c...
src\user\systick.c(3): error:  #5: cannot open source input file "gpio.h": No such file or directory
compiling gpio.c...
src\lib\src\gpio.c(23): error:  #5: cannot open source input file "gpio.h": No such file or directory
compiling os_cpu_c.c...
src\UCOS2_PORT\os_cpu_c.c(26): error:  #5: cannot open source input file "ucos_ii.h": No such file or directory
assembling cpu_a.asm...
assembling os_cpu_a.asm...
compiling os_core.c...
src\UCOS2_SOURCE\os_core.c(26): error:  #5: cannot open source input file "ucos_ii.h": No such file or directory
compiling os_flag.c...
src\UCOS2_SOURCE\os_flag.c(25): error:  #5: cannot open source input file "ucos_ii.h": No such file or directory
compiling os_mbox.c...
src\UCOS2_SOURCE\os_mbox.c(25): error:  #5: cannot open source input file "ucos_ii.h": No such file or directory
compiling os_mem.c...
src\UCOS2_SOURCE\os_mem.c(25): error:  #5: cannot open source input file "ucos_ii.h": No such file or directory
compiling os_mutex.c...
src\UCOS2_SOURCE\os_mutex.c(25): error:  #5: cannot open source input file "ucos_ii.h": No such file or directory
compiling os_q.c...
src\UCOS2_SOURCE\os_q.c(25): error:  #5: cannot open source input file "ucos_ii.h": No such file or directory
compiling os_sem.c...
src\UCOS2_SOURCE\os_sem.c(25): error:  #5: cannot open source input file "ucos_ii.h": No such file or directory
compiling os_task.c...
src\UCOS2_SOURCE\os_task.c(25): error:  #5: cannot open source input file "ucos_ii.h": No such file or directory
compiling os_time.c...
src\UCOS2_SOURCE\os_time.c(25): error:  #5: cannot open source input file "ucos_ii.h": No such file or directory
compiling os_tmr.c...
src\UCOS2_SOURCE\os_tmr.c(25): error:  #5: cannot open source input file "ucos_ii.h": No such file or directory
Target not created
Build target 'lpc11xx_ucos_ii'
compiling device_init.c...
compiling main.c...
compiling systick.c...
compiling gpio.c...
compiling os_cpu_c.c...
assembling cpu_a.asm...
assembling os_cpu_a.asm...
compiling os_core.c...
compiling os_flag.c...
compiling os_mbox.c...
compiling os_mem.c...
compiling os_mutex.c...
compiling os_q.c...
compiling os_sem.c...
compiling os_task.c...
compiling os_time.c...
compiling os_tmr.c...
linking...
LPC11xx_ucos_ii.sct(7): error: L6236E: No section matches selector - no section to be FIRST/LAST.
"LPC11xx_ucos_ii.axf" - 1 Error(s), 0 Warning(s).
Build target 'lpc11xx_ucos_ii'
compiling device_init.c...
compiling main.c...
compiling systick.c...
compiling gpio.c...
compiling os_cpu_c.c...
assembling cpu_a.asm...
assembling os_cpu_a.asm...
compiling os_core.c...
compiling os_flag.c...
compiling os_mbox.c...
compiling os_mem.c...
compiling os_mutex.c...
compiling os_q.c...
compiling os_sem.c...
compiling os_task.c...
compiling os_time.c...
compiling os_tmr.c...
linking...
LPC11xx_ucos_ii.sct(7): error: L6236E: No section matches selector - no section to be FIRST/LAST.
"LPC11xx_ucos_ii.axf" - 1 Error(s), 0 Warning(s).
Build target 'lpc11xx_ucos_ii'
compiling device_init.c...
compiling main.c...
compiling systick.c...
compiling gpio.c...
compiling os_cpu_c.c...
assembling cpu_a.asm...
assembling os_cpu_a.asm...
compiling os_core.c...
compiling os_flag.c...
compiling os_mbox.c...
compiling os_mem.c...
compiling os_mutex.c...
compiling os_q.c...
compiling os_sem.c...
compiling os_task.c...
compiling os_time.c...
compiling os_tmr.c...
linking...
.\obj\LPC11xx_ucos_ii.sct(7): error: L6236E: No section matches selector - no section to be FIRST/LAST.
".\obj\LPC11xx_ucos_ii.axf" - 1 Error(s), 0 Warning(s).
Build target 'lpc11xx_ucos_ii'
compiling device_init.c...
compiling main.c...
compiling systick.c...
compiling gpio.c...
compiling os_cpu_c.c...
assembling cpu_a.asm...
assembling os_cpu_a.asm...
compiling os_core.c...
compiling os_flag.c...
compiling os_mbox.c...
compiling os_mem.c...
compiling os_mutex.c...
compiling os_q.c...
compiling os_sem.c...
compiling os_task.c...
compiling os_time.c...
compiling os_tmr.c...
linking...
.\obj\LPC11xx_ucos_ii.sct(7): error: L6236E: No section matches selector - no section to be FIRST/LAST.
".\obj\LPC11xx_ucos_ii.axf" - 1 Error(s), 0 Warning(s).
Build target 'lpc11xx_ucos_ii'
compiling device_init.c...
compiling main.c...
compiling systick.c...
compiling gpio.c...
compiling os_cpu_c.c...
assembling cpu_a.asm...
assembling os_cpu_a.asm...
compiling os_core.c...
compiling os_flag.c...
compiling os_mbox.c...
compiling os_mem.c...
compiling os_mutex.c...
compiling os_q.c...
compiling os_sem.c...
compiling os_task.c...
compiling os_time.c...
compiling os_tmr.c...
linking...
.\obj\LPC11xx_ucos_ii.sct(7): error: L6236E: No section matches selector - no section to be FIRST/LAST.
".\obj\LPC11xx_ucos_ii.axf" - 1 Error(s), 0 Warning(s).
Build target 'lpc11xx_ucos_ii'
compiling device_init.c...
compiling main.c...
assembling startup_LPC11xx.s...
compiling systick.c...
compiling gpio.c...
compiling os_cpu_c.c...
assembling cpu_a.asm...
assembling os_cpu_a.asm...
compiling os_core.c...
compiling os_flag.c...
compiling os_mbox.c...
compiling os_mem.c...
compiling os_mutex.c...
compiling os_q.c...
compiling os_sem.c...
compiling os_task.c...
compiling os_time.c...
compiling os_tmr.c...
linking...
.\obj\LPC11xx_ucos_ii.axf: Error: L6218E: Undefined symbol SystemInit (referred from device_init.o).
Target not created
Build target 'lpc11xx_ucos_ii'
compiling device_init.c...
compiling main.c...
assembling startup_LPC11xx.s...
compiling system_LPC11xx.c...
compiling core_cm0.c...
compiling systick.c...
compiling gpio.c...
compiling os_cpu_c.c...
assembling cpu_a.asm...
assembling os_cpu_a.asm...
compiling os_core.c...
compiling os_flag.c...
compiling os_mbox.c...
compiling os_mem.c...
compiling os_mutex.c...
compiling os_q.c...
compiling os_sem.c...
compiling os_task.c...
compiling os_time.c...
compiling os_tmr.c...
linking...
Program Size: Code=3596 RO-data=504 RW-data=68 ZI-data=1724  
FromELF: creating hex file...
".\obj\LPC11xx_ucos_ii.axf" - 0 Error(s), 0 Warning(s).
Build target 'lpc11xx_ucos_ii'
compiling device_init.c...
compiling main.c...
assembling startup_LPC11xx.s...
compiling system_LPC11xx.c...
compiling core_cm0.c...
compiling systick.c...
compiling gpio.c...
compiling os_cpu_c.c...
assembling cpu_a.asm...
assembling os_cpu_a.asm...
compiling os_core.c...
compiling os_flag.c...
compiling os_mbox.c...
compiling os_mem.c...
compiling os_mutex.c...
compiling os_q.c...
compiling os_sem.c...
compiling os_task.c...
compiling os_time.c...
compiling os_tmr.c...
linking...
Program Size: Code=2488 RO-data=496 RW-data=68 ZI-data=1724  
FromELF: creating hex file...
".\obj\LPC11xx_ucos_ii.axf" - 0 Error(s), 0 Warning(s).
Build target 'lpc11xx_ucos_ii'
compiling device_init.c...
compiling main.c...
assembling startup_LPC11xx.s...
compiling system_LPC11xx.c...
compiling core_cm0.c...
compiling systick.c...
compiling gpio.c...
compiling os_cpu_c.c...
assembling cpu_a.asm...
assembling os_cpu_a.asm...
compiling os_core.c...
compiling os_flag.c...
compiling os_mbox.c...
compiling os_mem.c...
compiling os_mutex.c...
compiling os_q.c...
compiling os_sem.c...
compiling os_task.c...
compiling os_time.c...
compiling os_tmr.c...
linking...
Program Size: Code=2488 RO-data=496 RW-data=68 ZI-data=1468  
FromELF: creating hex file...
".\obj\LPC11xx_ucos_ii.axf" - 0 Error(s), 0 Warning(s).
